// Jest Snapshot v1, https://goo.gl/fbAQLP

exports[`Page check if renders properly 1`] = `
Array [
  <div
    className="mocked-header"
  />,
  <div
    className="page-children-container"
  />,
  <div
    className="mocked-footer"
  />,
]
`;
