// Jest Snapshot v1, https://goo.gl/fbAQLP

exports[`Cancel entry component should render properly 1`] = `
<button
  className="cancel-entry"
  data-cy="cancel-button"
  onClick={[Function]}
>
  entry.buttons.cancel, 
</button>
`;
