// Jest Snapshot v1, https://goo.gl/fbAQLP

exports[`Contact check if renders properly 1`] = `
<div
  className="contact"
>
  This page is not implemented yet...
</div>
`;
