// Jest Snapshot v1, https://goo.gl/fbAQLP

exports[`Footer check if renders properly 1`] = `
<div
  className="footer"
  data-cy="footer"
>
  <span>
    footer.label, 2022
  </span>
</div>
`;
