// Jest Snapshot v1, https://goo.gl/fbAQLP

exports[`Agenda check if renders properly 1`] = `
<div
  className="agenda"
>
  Agenda
</div>
`;
